[demo.dashboardpack.com/marketing-html/index.html]
[backblue.gif]
[fade.gif]
[index.html]
[demo.dashboardpack.com/marketing-html/img/logo.png]
[demo.dashboardpack.com/marketing-html/css/bootstrap.min.css]
[demo.dashboardpack.com/marketing-html/vendors/themefy_icon/themify-icons.css]
[demo.dashboardpack.com/marketing-html/vendors/niceselect/css/nice-select.css]
[demo.dashboardpack.com/marketing-html/vendors/owl_carousel/css/owl.carousel.css]
[demo.dashboardpack.com/marketing-html/vendors/gijgo/gijgo.min.css]
[demo.dashboardpack.com/marketing-html/vendors/font_awesome/css/all.min.css]
[demo.dashboardpack.com/marketing-html/vendors/tagsinput/tagsinput.css]
[demo.dashboardpack.com/marketing-html/vendors/datepicker/date-picker.css]
[demo.dashboardpack.com/marketing-html/vendors/scroll/scrollable.css]
[demo.dashboardpack.com/marketing-html/vendors/datatable/css/jquery.dataTables.min.css]
[demo.dashboardpack.com/marketing-html/vendors/datatable/css/responsive.dataTables.min.css]
[demo.dashboardpack.com/marketing-html/vendors/datatable/css/buttons.dataTables.min.css]
[demo.dashboardpack.com/marketing-html/vendors/text_editor/summernote-bs4.css]
[demo.dashboardpack.com/marketing-html/vendors/morris/morris.css]
[demo.dashboardpack.com/marketing-html/vendors/material_icon/material-icons.css]
[demo.dashboardpack.com/marketing-html/css/metisMenu.css]
[demo.dashboardpack.com/marketing-html/css/style.css]
[demo.dashboardpack.com/marketing-html/img/menu-icon/dashboard.svg]
[demo.dashboardpack.com/marketing-html/index_2.html]
[demo.dashboardpack.com/marketing-html/index_3.html]
[demo.dashboardpack.com/marketing-html/img/menu-icon/2.svg]
[demo.dashboardpack.com/marketing-html/calender.html]
[demo.dashboardpack.com/marketing-html/editor.html]
[demo.dashboardpack.com/marketing-html/mail_box.html]
[demo.dashboardpack.com/marketing-html/chat.html]
[demo.dashboardpack.com/marketing-html/faq.html]
[demo.dashboardpack.com/marketing-html/img/menu-icon/3.svg]
[demo.dashboardpack.com/marketing-html/colors.html]
[demo.dashboardpack.com/marketing-html/Alerts.html]
[demo.dashboardpack.com/marketing-html/buttons.html]
[demo.dashboardpack.com/marketing-html/modal.html]
[demo.dashboardpack.com/marketing-html/dropdown.html]
[demo.dashboardpack.com/marketing-html/Badges.html]
[demo.dashboardpack.com/marketing-html/Loading_Indicators.html]
[demo.dashboardpack.com/marketing-html/State_color.html]
[demo.dashboardpack.com/marketing-html/typography.html]
[demo.dashboardpack.com/marketing-html/datepicker.html]
[demo.dashboardpack.com/marketing-html/img/menu-icon/4.svg]
[demo.dashboardpack.com/marketing-html/Basic_Elements.html]
[demo.dashboardpack.com/marketing-html/Groups.html]
[demo.dashboardpack.com/marketing-html/Max_Length.html]
[demo.dashboardpack.com/marketing-html/Layouts.html]
[demo.dashboardpack.com/marketing-html/img/menu-icon/5.svg]
[demo.dashboardpack.com/marketing-html/Fontawesome_Icon.html]
[demo.dashboardpack.com/marketing-html/themefy_icon.html]
[demo.dashboardpack.com/marketing-html/img/menu-icon/6.svg]
[demo.dashboardpack.com/marketing-html/wow_animation.html]
[demo.dashboardpack.com/marketing-html/Scroll_Reveal.html]
[demo.dashboardpack.com/marketing-html/tilt.html]
[demo.dashboardpack.com/marketing-html/img/menu-icon/7.svg]
[demo.dashboardpack.com/marketing-html/accordion.html]
[demo.dashboardpack.com/marketing-html/Scrollable.html]
[demo.dashboardpack.com/marketing-html/notification.html]
[demo.dashboardpack.com/marketing-html/carousel.html]
[demo.dashboardpack.com/marketing-html/Pagination.html]
[demo.dashboardpack.com/marketing-html/img/menu-icon/8.svg]
[demo.dashboardpack.com/marketing-html/data_table.html]
[demo.dashboardpack.com/marketing-html/bootstrap_table.html]
[demo.dashboardpack.com/marketing-html/img/menu-icon/9.svg]
[demo.dashboardpack.com/marketing-html/basic_card.html]
[demo.dashboardpack.com/marketing-html/theme_card.html]
[demo.dashboardpack.com/marketing-html/dargable_card.html]
[demo.dashboardpack.com/marketing-html/img/menu-icon/11.svg]
[demo.dashboardpack.com/marketing-html/chartjs.html]
[demo.dashboardpack.com/marketing-html/apex_chart.html]
[demo.dashboardpack.com/marketing-html/chart_sparkline.html]
[demo.dashboardpack.com/marketing-html/am_chart.html]
[demo.dashboardpack.com/marketing-html/nvd3_charts.html]
[demo.dashboardpack.com/marketing-html/img/menu-icon/cubes.svg]
[demo.dashboardpack.com/marketing-html/chart_box_1.html]
[demo.dashboardpack.com/marketing-html/profilebox.html]
[demo.dashboardpack.com/marketing-html/img/menu-icon/map.svg]
[demo.dashboardpack.com/marketing-html/mapjs.html]
[demo.dashboardpack.com/marketing-html/vector_map.html]
[demo.dashboardpack.com/marketing-html/img/menu-icon/10.svg]
[demo.dashboardpack.com/marketing-html/login.html]
[demo.dashboardpack.com/marketing-html/resister.html]
[demo.dashboardpack.com/marketing-html/error_400.html]
[demo.dashboardpack.com/marketing-html/error_500.html]
[demo.dashboardpack.com/marketing-html/forgot_pass.html]
[demo.dashboardpack.com/marketing-html/gallery.html]
[demo.dashboardpack.com/marketing-html/img/icon/icon_search.svg]
[demo.dashboardpack.com/marketing-html/img/icon/bell.svg]
[demo.dashboardpack.com/marketing-html/img/staf/2.png]
[demo.dashboardpack.com/marketing-html/img/staf/4.png]
[demo.dashboardpack.com/marketing-html/img/staf/3.png]
[demo.dashboardpack.com/marketing-html/img/icon/msg.svg]
[demo.dashboardpack.com/marketing-html/img/client_img.png]
[demo.dashboardpack.com/marketing-html/img/Payment/1.png]
[demo.dashboardpack.com/marketing-html/img/Payment/2.png]
[demo.dashboardpack.com/marketing-html/img/Payment/3.png]
[demo.dashboardpack.com/marketing-html/img/Payment/4.png]
[demo.dashboardpack.com/marketing-html/img/Payment/5.png]
[demo.dashboardpack.com/marketing-html/img/Payment/check_1.png]
[demo.dashboardpack.com/marketing-html/img/Payment/check_2.png]
[demo.dashboardpack.com/marketing-html/img/Payment/check_3.png]
[demo.dashboardpack.com/marketing-html/img/Payment/check_4.png]
[demo.dashboardpack.com/marketing-html/img/Payment/check_5.png]
[demo.dashboardpack.com/marketing-html/img/plane.png]
[demo.dashboardpack.com/marketing-html/img/invoice_img/man_1.png]
[demo.dashboardpack.com/marketing-html/img/invoice_img/check.png]
[demo.dashboardpack.com/marketing-html/img/invoice_img/man_2.png]
[demo.dashboardpack.com/marketing-html/img/invoice_img/man_3.png]
[demo.dashboardpack.com/marketing-html/img/invoice_img/man_4.png]
[demo.dashboardpack.com/marketing-html/img/invoice_img/close.png]
[demo.dashboardpack.com/marketing-html/img/invoice_img/man_5.png]
[demo.dashboardpack.com/marketing-html/img/staf/1.png]
[demo.dashboardpack.com/marketing-html/img/staf/5.png]
[demo.dashboardpack.com/marketing-html/js/jquery-3.4.1.min.js]
[demo.dashboardpack.com/marketing-html/js/popper.min.js]
[demo.dashboardpack.com/marketing-html/js/bootstrap.min.js]
[demo.dashboardpack.com/marketing-html/js/metisMenu.js]
[demo.dashboardpack.com/marketing-html/vendors/count_up/jquery.waypoints.min.js]
[demo.dashboardpack.com/marketing-html/vendors/chartlist/Chart.min.js]
[demo.dashboardpack.com/marketing-html/vendors/count_up/jquery.counterup.min.js]
[demo.dashboardpack.com/marketing-html/vendors/niceselect/js/jquery.nice-select.min.js]
[demo.dashboardpack.com/marketing-html/vendors/owl_carousel/js/owl.carousel.min.js]
[demo.dashboardpack.com/marketing-html/vendors/datatable/js/jquery.dataTables.min.js]
[demo.dashboardpack.com/marketing-html/vendors/datatable/js/dataTables.responsive.min.js]
[demo.dashboardpack.com/marketing-html/vendors/datatable/js/dataTables.buttons.min.js]
[demo.dashboardpack.com/marketing-html/vendors/datatable/js/buttons.flash.min.js]
[demo.dashboardpack.com/marketing-html/vendors/datatable/js/jszip.min.js]
[demo.dashboardpack.com/marketing-html/vendors/datatable/js/pdfmake.min.js]
[demo.dashboardpack.com/marketing-html/vendors/datatable/js/vfs_fonts.js]
[demo.dashboardpack.com/marketing-html/vendors/datatable/js/buttons.html5.min.js]
[demo.dashboardpack.com/marketing-html/vendors/datatable/js/buttons.print.min.js]
[demo.dashboardpack.com/marketing-html/js/chart.min.js]
[demo.dashboardpack.com/marketing-html/vendors/progressbar/jquery.barfiller.js]
[demo.dashboardpack.com/marketing-html/vendors/tagsinput/tagsinput.js]
[demo.dashboardpack.com/marketing-html/vendors/text_editor/summernote-bs4.js]
[demo.dashboardpack.com/marketing-html/vendors/am_chart/amcharts.js]
[demo.dashboardpack.com/marketing-html/vendors/scroll/perfect-scrollbar.min.js]
[demo.dashboardpack.com/marketing-html/vendors/scroll/scrollable-custom.js]
[demo.dashboardpack.com/marketing-html/vendors/chart_am/charts.js]
[demo.dashboardpack.com/marketing-html/vendors/chart_am/animated.js]
[demo.dashboardpack.com/marketing-html/vendors/chart_am/core.js]
[demo.dashboardpack.com/marketing-html/vendors/chart_am/kelly.js]
[demo.dashboardpack.com/marketing-html/vendors/chart_am/chart-custom.js]
[demo.dashboardpack.com/marketing-html/index.html]
[demo.dashboardpack.com/marketing-html/css/bootstrap.min.css]
[demo.dashboardpack.com/marketing-html/js/custom.js]
[demo.dashboardpack.com/marketing-html/vendors/themefy_icon/fonts/themify9f24.eot]
[demo.dashboardpack.com/marketing-html/vendors/themefy_icon/fonts/themifyd41d.eot]
[demo.dashboardpack.com/marketing-html/vendors/themefy_icon/fonts/themify9f24.woff]
[demo.dashboardpack.com/marketing-html/vendors/themefy_icon/fonts/themify9f24.ttf]
[demo.dashboardpack.com/marketing-html/vendors/themefy_icon/themify-icons.css]
[demo.dashboardpack.com/marketing-html/vendors/niceselect/css/nice-select.css]
[demo.dashboardpack.com/marketing-html/vendors/themefy_icon/fonts/themify9f24.svg]
[demo.dashboardpack.com/marketing-html/vendors/owl_carousel/css/owl.video.play.png]
[demo.dashboardpack.com/marketing-html/vendors/owl_carousel/css/owl.carousel.css]
[demo.dashboardpack.com/marketing-html/vendors/gijgo/gijgo.min.css]
[demo.dashboardpack.com/marketing-html/vendors/font_awesome/webfonts/fa-brands-400.eot]
[demo.dashboardpack.com/marketing-html/vendors/font_awesome/webfonts/fa-brands-400d41d.eot]
[demo.dashboardpack.com/marketing-html/vendors/font_awesome/webfonts/fa-brands-400.woff2]
[demo.dashboardpack.com/marketing-html/vendors/font_awesome/webfonts/fa-brands-400.woff]
[demo.dashboardpack.com/marketing-html/vendors/font_awesome/webfonts/fa-brands-400.ttf]
[demo.dashboardpack.com/marketing-html/vendors/font_awesome/webfonts/fa-brands-400.svg]
[demo.dashboardpack.com/marketing-html/vendors/font_awesome/webfonts/fa-regular-400.eot]
[demo.dashboardpack.com/marketing-html/vendors/font_awesome/webfonts/fa-regular-400d41d.eot]
[demo.dashboardpack.com/marketing-html/vendors/font_awesome/webfonts/fa-regular-400.woff2]
[demo.dashboardpack.com/marketing-html/vendors/font_awesome/webfonts/fa-regular-400.woff]
[demo.dashboardpack.com/marketing-html/vendors/font_awesome/webfonts/fa-regular-400.ttf]
[demo.dashboardpack.com/marketing-html/vendors/font_awesome/webfonts/fa-regular-400.svg]
[demo.dashboardpack.com/marketing-html/vendors/font_awesome/webfonts/fa-solid-900.eot]
[demo.dashboardpack.com/marketing-html/vendors/font_awesome/webfonts/fa-solid-900d41d.eot]
[demo.dashboardpack.com/marketing-html/vendors/font_awesome/webfonts/fa-solid-900.woff2]
[demo.dashboardpack.com/marketing-html/vendors/font_awesome/webfonts/fa-solid-900.woff]
[demo.dashboardpack.com/marketing-html/vendors/font_awesome/webfonts/fa-solid-900.ttf]
[demo.dashboardpack.com/marketing-html/vendors/font_awesome/webfonts/fa-solid-900.svg]
[demo.dashboardpack.com/marketing-html/vendors/font_awesome/css/all.min.css]
[demo.dashboardpack.com/marketing-html/vendors/tagsinput/tagsinput.css]
[demo.dashboardpack.com/marketing-html/vendors/datepicker/date-picker.css]
[demo.dashboardpack.com/marketing-html/vendors/scroll/scrollable.css]
[demo.dashboardpack.com/marketing-html/vendors/datatable/images/sort_both.png]
[demo.dashboardpack.com/marketing-html/vendors/datatable/images/sort_asc.png]
[demo.dashboardpack.com/marketing-html/vendors/datatable/images/sort_desc.png]
[demo.dashboardpack.com/marketing-html/vendors/datatable/images/sort_asc_disabled.png]
[demo.dashboardpack.com/marketing-html/vendors/datatable/images/sort_desc_disabled.png]
[demo.dashboardpack.com/marketing-html/vendors/datatable/css/jquery.dataTables.min.css]
[demo.dashboardpack.com/marketing-html/vendors/datatable/css/responsive.dataTables.min.css]
[demo.dashboardpack.com/marketing-html/vendors/datatable/css/buttons.dataTables.min.css]
[demo.dashboardpack.com/marketing-html/vendors/text_editor/fonts/summernote.eot]
[demo.dashboardpack.com/marketing-html/vendors/text_editor/fonts/summernote.woff]
[demo.dashboardpack.com/marketing-html/vendors/text_editor/summernote-bs4.css]
[demo.dashboardpack.com/marketing-html/vendors/morris/morris.css]
[demo.dashboardpack.com/marketing-html/vendors/text_editor/fonts/summernote.ttf]
[demo.dashboardpack.com/marketing-html/vendors/material_icon/MaterialIcons-Regular.ttf]
[demo.dashboardpack.com/marketing-html/vendors/material_icon/material-icons.css]
[demo.dashboardpack.com/marketing-html/css/metisMenu.css]
[demo.dashboardpack.com/marketing-html/vendors/material_icon/material-icons.woff]
[demo.dashboardpack.com/marketing-html/img/progress/progress-bg.png]
[demo.dashboardpack.com/marketing-html/img/progress/design-progress-yellow.png]
[demo.dashboardpack.com/marketing-html/img/progress/design-progress-red.png]
[demo.dashboardpack.com/marketing-html/img/card2.jpg]
[demo.dashboardpack.com/marketing-html/img/default-skin/default-skin.png]
[demo.dashboardpack.com/marketing-html/img/default-skin/default-skin.svg]
[demo.dashboardpack.com/marketing-html/css/preloader.gif]
[demo.dashboardpack.com/marketing-html/css/style.css]
[demo.dashboardpack.com/marketing-html/css/colors/default.css]
[demo.dashboardpack.com/marketing-html/img/menu-icon/dashboard.svg]
[demo.dashboardpack.com/marketing-html/vendors/apex_chart/apexcharts.js]
[demo.dashboardpack.com/marketing-html/index_2.html]
[demo.dashboardpack.com/marketing-html/vendors/apex_chart/apex_dashboard.js]
[demo.dashboardpack.com/marketing-html/img/logo_white.png]
[demo.dashboardpack.com/marketing-html/index_3.html]
[demo.dashboardpack.com/marketing-html/img/menu-icon/2.svg]
[demo.dashboardpack.com/marketing-html/vendors/calender_js/core/main.css]
[demo.dashboardpack.com/marketing-html/vendors/calender_js/daygrid/main.css]
[demo.dashboardpack.com/marketing-html/vendors/calender_js/timegrid/main.css]
[demo.dashboardpack.com/marketing-html/vendors/calender_js/list/main.css]
[demo.dashboardpack.com/marketing-html/vendors/calender_js/core/main.js]
[demo.dashboardpack.com/marketing-html/vendors/calender_js/interaction/main.js]
[demo.dashboardpack.com/marketing-html/vendors/calender_js/daygrid/main.js]
[demo.dashboardpack.com/marketing-html/vendors/calender_js/timegrid/main.js]
[demo.dashboardpack.com/marketing-html/vendors/calender_js/list/main.js]
[demo.dashboardpack.com/marketing-html/calender.html]
[demo.dashboardpack.com/marketing-html/editor.html]
[demo.dashboardpack.com/marketing-html/vendors/calender_js/activation.js]
[demo.dashboardpack.com/marketing-html/img/messages/1.png]
[demo.dashboardpack.com/marketing-html/mail_box.html]
[demo.dashboardpack.com/marketing-html/chat.html]
[demo.dashboardpack.com/marketing-html/faq.html]
[demo.dashboardpack.com/marketing-html/img/menu-icon/3.svg]
[demo.dashboardpack.com/marketing-html/colors.html]
[demo.dashboardpack.com/marketing-html/Alerts.html]
[demo.dashboardpack.com/marketing-html/buttons.html]
[demo.dashboardpack.com/marketing-html/modal.html]
[demo.dashboardpack.com/marketing-html/dropdown.html]
[demo.dashboardpack.com/marketing-html/Badges.html]
[demo.dashboardpack.com/marketing-html/Loading_Indicators.html]
[demo.dashboardpack.com/marketing-html/State_color.html]
[demo.dashboardpack.com/marketing-html/typography.html]
[demo.dashboardpack.com/marketing-html/vendors/datepicker/datepicker.js]
[demo.dashboardpack.com/marketing-html/vendors/datepicker/datepicker.en.js]
[demo.dashboardpack.com/marketing-html/datepicker.html]
[demo.dashboardpack.com/marketing-html/img/menu-icon/4.svg]
[demo.dashboardpack.com/marketing-html/Basic_Elements.html]
[demo.dashboardpack.com/marketing-html/Groups.html]
[demo.dashboardpack.com/marketing-html/Max_Length.html]
[demo.dashboardpack.com/marketing-html/Layouts.html]
[demo.dashboardpack.com/marketing-html/img/menu-icon/5.svg]
[demo.dashboardpack.com/marketing-html/Fontawesome_Icon.html]
[demo.dashboardpack.com/marketing-html/themefy_icon.html]
[demo.dashboardpack.com/marketing-html/img/menu-icon/6.svg]
[demo.dashboardpack.com/marketing-html/vendors/datepicker/datepicker.custom.js]
[demo.dashboardpack.com/marketing-html/vendors/animation/wow/animate.css]
[demo.dashboardpack.com/marketing-html/img/tilt/1.jpg]
[demo.dashboardpack.com/marketing-html/img/tilt/2.jpg]
[demo.dashboardpack.com/marketing-html/img/tilt/3.jpg]
[demo.dashboardpack.com/marketing-html/img/tilt/4.jpg]
[demo.dashboardpack.com/marketing-html/img/tilt/5.jpg]
[demo.dashboardpack.com/marketing-html/img/tilt/6.jpg]
[demo.dashboardpack.com/marketing-html/img/tilt/7.jpg]
[demo.dashboardpack.com/marketing-html/vendors/animation/wow/wow.min.js]
[demo.dashboardpack.com/marketing-html/wow_animation.html]
[demo.dashboardpack.com/marketing-html/vendors/animation/wow/wow-init.js]
[demo.dashboardpack.com/marketing-html/vendors/photoswip/photoswipe.min.js]
[demo.dashboardpack.com/marketing-html/vendors/photoswip/photoswipe-ui-default.min.js]
[demo.dashboardpack.com/marketing-html/vendors/photoswip/photoswipe.js]
[demo.dashboardpack.com/marketing-html/vendors/scroll_reval/scrollreveal.min.js]
[demo.dashboardpack.com/marketing-html/vendors/scroll_reval/modernizr.js]
[demo.dashboardpack.com/marketing-html/Scroll_Reveal.html]
[demo.dashboardpack.com/marketing-html/vendors/scroll_reval/reveal-custom.js]
[demo.dashboardpack.com/marketing-html/vendors/animation/tilt/tilt.jquery.js]
[demo.dashboardpack.com/marketing-html/vendors/animation/tilt/tilt-custom.js]
[demo.dashboardpack.com/marketing-html/vendors/apex_chart/bar_active_1.js]
[demo.dashboardpack.com/marketing-html/tilt.html]
[demo.dashboardpack.com/marketing-html/img/menu-icon/7.svg]
[demo.dashboardpack.com/marketing-html/accordion.html]
[demo.dashboardpack.com/marketing-html/Scrollable.html]
[demo.dashboardpack.com/marketing-html/notification.html]
[demo.dashboardpack.com/marketing-html/vendors/apex_chart/apex_chart_list.js]
[demo.dashboardpack.com/marketing-html/img/banner.png]
[demo.dashboardpack.com/marketing-html/carousel.html]
[demo.dashboardpack.com/marketing-html/Pagination.html]
[demo.dashboardpack.com/marketing-html/img/menu-icon/8.svg]
[demo.dashboardpack.com/marketing-html/data_table.html]
[demo.dashboardpack.com/marketing-html/bootstrap_table.html]
[demo.dashboardpack.com/marketing-html/img/menu-icon/9.svg]
[demo.dashboardpack.com/marketing-html/basic_card.html]
[demo.dashboardpack.com/marketing-html/theme_card.html]
[demo.dashboardpack.com/marketing-html/vendors/drag/jquery.ui.min.js]
[demo.dashboardpack.com/marketing-html/vendors/drag/dragable_sortable.js]
[demo.dashboardpack.com/marketing-html/dargable_card.html]
[demo.dashboardpack.com/marketing-html/img/menu-icon/11.svg]
[demo.dashboardpack.com/marketing-html/vendors/drag/sortable-custom.js]
[demo.dashboardpack.com/marketing-html/chartjs.html]
[demo.dashboardpack.com/marketing-html/vendors/chartjs/chartjs_init.js]
[demo.dashboardpack.com/marketing-html/apex_chart.html]
[demo.dashboardpack.com/marketing-html/vendors/apex_chart/apexchart_lists.js]
[demo.dashboardpack.com/marketing-html/vendors/jquery-sparkline/jquery.sparkline.min.js]
[demo.dashboardpack.com/marketing-html/chart_sparkline.html]
[demo.dashboardpack.com/marketing-html/vendors/jquery-sparkline/spactkine_init.js]
[demo.dashboardpack.com/marketing-html/vendors/am_chart/serial.js]
[demo.dashboardpack.com/marketing-html/vendors/am_chart/dataloader.min.js]
[demo.dashboardpack.com/marketing-html/vendors/am_chart/export.min.js]
[demo.dashboardpack.com/marketing-html/vendors/am_chart/ammap.js]
[demo.dashboardpack.com/marketing-html/vendors/am_chart/worldLow.js]
[demo.dashboardpack.com/marketing-html/vendors/am_chart/pie.js]
[demo.dashboardpack.com/marketing-html/vendors/am_chart/amstock.js]
[demo.dashboardpack.com/marketing-html/am_chart.html]
[demo.dashboardpack.com/marketing-html/vendors/am_chart/amchart-init.js]
[demo.dashboardpack.com/marketing-html/vendors/nvd3/d3.min.js]
[demo.dashboardpack.com/marketing-html/vendors/nvd3/nv.d3.js]
[demo.dashboardpack.com/marketing-html/nvd3_charts.html]
[demo.dashboardpack.com/marketing-html/img/menu-icon/cubes.svg]
[demo.dashboardpack.com/marketing-html/chart_box_1.html]
[demo.dashboardpack.com/marketing-html/vendors/nvd3/layers.js]
[demo.dashboardpack.com/marketing-html/img/card.jpg]
[demo.dashboardpack.com/marketing-html/profilebox.html]
[demo.dashboardpack.com/marketing-html/img/menu-icon/map.svg]
[demo.dashboardpack.com/marketing-html/vendors/mapJs/mapsjs-ui.css]
[demo.dashboardpack.com/marketing-html/vendors/mapJs/mapsjs-core.js]
[demo.dashboardpack.com/marketing-html/vendors/mapJs/mapsjs_service.js]
[demo.dashboardpack.com/marketing-html/vendors/mapJs/mapsjs-ui.js]
[demo.dashboardpack.com/marketing-html/vendors/mapJs/mapsjs-mapevents.js]
[demo.dashboardpack.com/marketing-html/mapjs.html]
[demo.dashboardpack.com/marketing-html/vendors/mapJs/custom.js]
[demo.dashboardpack.com/marketing-html/vendors/verctorMap/vector-map.css]
[demo.dashboardpack.com/marketing-html/vendors/verctorMap/jvectormap-2.0.2.min.js]
[demo.dashboardpack.com/marketing-html/vendors/verctorMap/jvectormap-world-mill-en.js]
[demo.dashboardpack.com/marketing-html/vendors/verctorMap/jvectormap-us-aea-en.js]
[demo.dashboardpack.com/marketing-html/vendors/verctorMap/jvectormap-uk-mill-en.js]
[demo.dashboardpack.com/marketing-html/vendors/verctorMap/jvectormap-au-mill.js]
[demo.dashboardpack.com/marketing-html/vendors/verctorMap/jvectormap-chicago-mill-en.js]
[demo.dashboardpack.com/marketing-html/vendors/verctorMap/jvectormap-in-mill.js]
[demo.dashboardpack.com/marketing-html/vendors/verctorMap/jvectormap-asia-mill.js]
[demo.dashboardpack.com/marketing-html/vector_map.html]
[demo.dashboardpack.com/marketing-html/img/menu-icon/10.svg]
[demo.dashboardpack.com/marketing-html/login.html]
[demo.dashboardpack.com/marketing-html/resister.html]
[demo.dashboardpack.com/marketing-html/vendors/verctorMap/map-vector.js]
[demo.dashboardpack.com/marketing-html/vendors/swiper_slider/css/swiper.min.css]
[demo.dashboardpack.com/marketing-html/vendors/select2/css/select2.min.css]
[demo.dashboardpack.com/marketing-html/img/bak_hovers/sad.png]
[demo.dashboardpack.com/marketing-html/error_400.html]
[demo.dashboardpack.com/marketing-html/error_500.html]
[demo.dashboardpack.com/marketing-html/forgot_pass.html]
[demo.dashboardpack.com/marketing-html/gallery.html]
[demo.dashboardpack.com/marketing-html/img/icon/icon_search.svg]
[demo.dashboardpack.com/marketing-html/img/icon/bell.svg]
[demo.dashboardpack.com/marketing-html/img/icon/msg.svg]
[demo.dashboardpack.com/marketing-html/vendors/themefy_icon/fonts/themify9f24.svg]
[demo.dashboardpack.com/marketing-html/vendors/owl_carousel/css/owl.video.play.html]
[demo.dashboardpack.com/marketing-html/vendors/font_awesome/webfonts/fa-brands-400.html]
[demo.dashboardpack.com/marketing-html/vendors/font_awesome/webfonts/fa-regular-400.html]
[demo.dashboardpack.com/marketing-html/vendors/font_awesome/webfonts/fa-solid-900.html]
[demo.dashboardpack.com/marketing-html/vendors/datatable/images/sort_both.html]
[demo.dashboardpack.com/marketing-html/vendors/datatable/images/sort_asc.html]
[demo.dashboardpack.com/marketing-html/vendors/datatable/images/sort_desc.html]
[demo.dashboardpack.com/marketing-html/vendors/datatable/images/sort_asc_disabled.html]
[demo.dashboardpack.com/marketing-html/vendors/datatable/images/sort_desc_disabled.html]
[demo.dashboardpack.com/marketing-html/img/progress/progress-bg.html]
[demo.dashboardpack.com/marketing-html/img/progress/design-progress-yellow.html]
[demo.dashboardpack.com/marketing-html/img/progress/design-progress-red.html]
[demo.dashboardpack.com/marketing-html/img/default-skin/default-skin.svg]
[demo.dashboardpack.com/marketing-html/css/preloader.html]
[demo.dashboardpack.com/marketing-html/vendors/calender_js/core/main.css]
[demo.dashboardpack.com/marketing-html/vendors/calender_js/daygrid/main.css]
[demo.dashboardpack.com/marketing-html/vendors/calender_js/timegrid/main.css]
[demo.dashboardpack.com/marketing-html/vendors/calender_js/list/main.css]
[demo.dashboardpack.com/marketing-html/vendors/animation/wow/animate.css]
[demo.dashboardpack.com/marketing-html/vendors/apex_chart/bar_active_1.html]
[demo.dashboardpack.com/marketing-html/vendors/mapJs/mapsjs-ui.css]
[demo.dashboardpack.com/marketing-html/vendors/verctorMap/vector-map.css]
[demo.dashboardpack.com/marketing-html/vendors/swiper_slider/css/swiper.min.html]
[demo.dashboardpack.com/marketing-html/vendors/select2/css/select2.min.html]
